  Determining projects to restore...
  All projects are up-to-date for restore.
F:\login_net\backend\LoginBackend\Services\AuthService.cs(48,27): error CS0246: The type or namespace name 'User' could not be found (are you missing a using directive or an assembly reference?) [F:\login_net\backend\LoginBackend\LoginBackend.csproj]

Build FAILED.

F:\login_net\backend\LoginBackend\Services\AuthService.cs(48,27): error CS0246: The type or namespace name 'User' could not be found (are you missing a using directive or an assembly reference?) [F:\login_net\backend\LoginBackend\LoginBackend.csproj]
    0 Warning(s)
    1 Error(s)

Time Elapsed 00:00:03.00
